 
****************************************
Report : power
        -hier
        -analysis_effort low
Design : gpu
Version: R-2020.09-SP5-1
Date   : Fri Dec 19 01:41:34 2025
****************************************


Library(s) Used:

    NangateOpenCellLibrary (File: /home/rf5447/stdcells.db)


Operating Conditions: typical   Library: NangateOpenCellLibrary
Wire Load Model Mode: top

Design        Wire Load Model            Library
------------------------------------------------
gpu                    5K_hvratio_1_1    NangateOpenCellLibrary


Global Operating Voltage = 1.1  
Power-specific unit information :
    Voltage Units = 1V
    Capacitance Units = 1.000000ff
    Time Units = 1ns
    Dynamic Power Units = 1uW    (derived from V,C,T units)
    Leakage Power Units = 1nW


--------------------------------------------------------------------------------
                                       Switch   Int      Leak     Total
Hierarchy                              Power    Power    Power    Power    %
--------------------------------------------------------------------------------
gpu                                    2.19e+03 4.34e+03 1.46e+05 6.68e+03 100.0
  cores[3].core_instance (core_DATA_MEM_ADDR_BITS8_DATA_MEM_DATA_BITS16_PROGRAM_MEM_ADDR_BITS8_PROGRAM_MEM_DATA_BITS16_THREADS_PER_BLOCK1_0)
                                        438.272  291.048 8.75e+03  738.073  11.1
    gact_instance (GACTTop_PE_WIDTH10_BLOCK_WIDTH3_MAX_TILE_SIZE64_NUM_PE4_NUM_DIR_BLOCK4_REQUEST_ID_WIDTH16_0)
                                          2.635   53.720 1.76e+03   58.120   0.9
    scheduler_instance (scheduler_THREADS_PER_BLOCK1_0)
                                         11.732   64.618 1.96e+03   78.315   1.2
    fetcher_instance (fetcher_PROGRAM_MEM_ADDR_BITS8_PROGRAM_MEM_DATA_BITS16_0)
                                         12.576  146.271 3.44e+03  162.287   2.4
  cores[2].core_instance (core_DATA_MEM_ADDR_BITS8_DATA_MEM_DATA_BITS16_PROGRAM_MEM_ADDR_BITS8_PROGRAM_MEM_DATA_BITS16_THREADS_PER_BLOCK1_1)
                                        438.131  287.948 8.77e+03  734.849  11.0
    gact_instance (GACTTop_PE_WIDTH10_BLOCK_WIDTH3_MAX_TILE_SIZE64_NUM_PE4_NUM_DIR_BLOCK4_REQUEST_ID_WIDTH16_1)
                                          2.795   53.964 1.77e+03   58.526   0.9
    scheduler_instance (scheduler_THREADS_PER_BLOCK1_1)
                                         11.606   63.992 1.98e+03   77.575   1.2
    fetcher_instance (fetcher_PROGRAM_MEM_ADDR_BITS8_PROGRAM_MEM_DATA_BITS16_1)
                                         12.574  143.511 3.44e+03  159.526   2.4
  cores[1].core_instance (core_DATA_MEM_ADDR_BITS8_DATA_MEM_DATA_BITS16_PROGRAM_MEM_ADDR_BITS8_PROGRAM_MEM_DATA_BITS16_THREADS_PER_BLOCK1_2)
                                        438.299  290.741 8.81e+03  737.851  11.1
    gact_instance (GACTTop_PE_WIDTH10_BLOCK_WIDTH3_MAX_TILE_SIZE64_NUM_PE4_NUM_DIR_BLOCK4_REQUEST_ID_WIDTH16_2)
                                          2.898   54.111 1.76e+03   58.773   0.9
    scheduler_instance (scheduler_THREADS_PER_BLOCK1_2)
                                         10.983   63.987 1.95e+03   76.924   1.2
    fetcher_instance (fetcher_PROGRAM_MEM_ADDR_BITS8_PROGRAM_MEM_DATA_BITS16_2)
                                         12.295  145.930 3.47e+03  161.691   2.4
  cores[0].core_instance (core_DATA_MEM_ADDR_BITS8_DATA_MEM_DATA_BITS16_PROGRAM_MEM_ADDR_BITS8_PROGRAM_MEM_DATA_BITS16_THREADS_PER_BLOCK1_3)
                                        438.661  291.948 8.81e+03  739.420  11.1
    gact_instance (GACTTop_PE_WIDTH10_BLOCK_WIDTH3_MAX_TILE_SIZE64_NUM_PE4_NUM_DIR_BLOCK4_REQUEST_ID_WIDTH16_3)
                                          2.679   53.818 1.76e+03   58.262   0.9
    scheduler_instance (scheduler_THREADS_PER_BLOCK1_3)
                                         11.146   64.259 1.95e+03   77.358   1.2
    fetcher_instance (fetcher_PROGRAM_MEM_ADDR_BITS8_PROGRAM_MEM_DATA_BITS16_3)
                                         12.492  147.181 3.46e+03  163.137   2.4
1
