 
****************************************
Report : timing
        -path full
        -delay max
        -max_paths 1
Design : gpu
Version: R-2020.09-SP5-1
Date   : Fri Dec 19 01:41:34 2025
****************************************

Operating Conditions: typical   Library: NangateOpenCellLibrary
Wire Load Model Mode: top

  Startpoint: dcr_instance/device_conrol_register_reg[1]
              (rising edge-triggered flip-flop clocked by clk)
  Endpoint: dispatch_instance/blocks_dispatched_reg[1]
            (rising edge-triggered flip-flop clocked by clk)
  Path Group: clk
  Path Type: max

  Des/Clust/Port     Wire Load Model       Library
  ------------------------------------------------
  gpu                5K_hvratio_1_1        NangateOpenCellLibrary

  Point                                                   Incr       Path
  --------------------------------------------------------------------------
  clock clk (rise edge)                                   0.00       0.00
  clock network delay (ideal)                             0.00       0.00
  dcr_instance/device_conrol_register_reg[1]/CK (DFF_X1)
                                                          0.00       0.00 r
  dcr_instance/device_conrol_register_reg[1]/Q (DFF_X1)
                                                          0.09       0.09 r
  U1446/ZN (AND2_X1)                                      0.04       0.13 r
  U1448/ZN (OAI211_X1)                                    0.03       0.16 f
  U680/ZN (AND2_X2)                                       0.04       0.20 f
  U825/ZN (OAI211_X1)                                     0.04       0.24 r
  U1137/ZN (AND2_X2)                                      0.06       0.31 r
  U1270/Z (MUX2_X1)                                       0.10       0.41 f
  U809/ZN (NAND3_X1)                                      0.04       0.45 r
  U678/ZN (AND4_X2)                                       0.06       0.51 r
  U1115/ZN (NAND3_X1)                                     0.04       0.55 f
  U1493/ZN (NAND2_X1)                                     0.05       0.60 r
  U819/Z (MUX2_X1)                                        0.09       0.68 f
  U818/ZN (NAND2_X1)                                      0.03       0.72 r
  U817/ZN (NAND2_X1)                                      0.02       0.74 f
  U1509/ZN (OAI211_X1)                                    0.04       0.78 r
  U1510/ZN (INV_X1)                                       0.03       0.81 f
  U1534/ZN (NAND3_X1)                                     0.04       0.85 r
  U1183/ZN (OAI211_X1)                                    0.06       0.91 f
  U1535/ZN (NAND2_X2)                                     0.07       0.98 r
  U1568/Z (MUX2_X1)                                       0.09       1.07 f
  U1275/ZN (OR2_X1)                                       0.05       1.13 f
  U1569/ZN (AND2_X1)                                      0.04       1.16 f
  U1585/ZN (NAND2_X1)                                     0.03       1.19 r
  U1603/ZN (NAND3_X1)                                     0.04       1.23 f
  U1262/ZN (AND3_X2)                                      0.05       1.28 f
  U1637/ZN (NOR2_X1)                                      0.05       1.33 r
  U1800/Z (BUF_X1)                                        0.05       1.38 r
  U2177/ZN (OAI211_X1)                                    0.04       1.42 f
  dispatch_instance/blocks_dispatched_reg[1]/D (DFF_X1)
                                                          0.01       1.43 f
  data arrival time                                                  1.43

  clock clk (rise edge)                                   1.00       1.00
  clock network delay (ideal)                             0.00       1.00
  clock uncertainty                                      -0.10       0.90
  dispatch_instance/blocks_dispatched_reg[1]/CK (DFF_X1)
                                                          0.00       0.90 r
  library setup time                                     -0.04       0.86
  data required time                                                 0.86
  --------------------------------------------------------------------------
  data required time                                                 0.86
  data arrival time                                                 -1.43
  --------------------------------------------------------------------------
  slack (VIOLATED)                                                  -0.57


1
