 
****************************************
Report : area
Design : gpu
Version: R-2020.09-SP5-1
Date   : Fri Dec 19 01:05:56 2025
****************************************

Information: Updating design information... (UID-85)
Warning: Design 'gpu' contains 1 high-fanout nets. A fanout number of 1000 will be used for delay calculations involving these nets. (TIM-134)
Library(s) Used:

    NangateOpenCellLibrary (File: /home/rf5447/stdcells.db)

Number of ports:                          183
Number of nets:                         18168
Number of cells:                        16372
Number of combinational cells:          14259
Number of sequential cells:              2109
Number of macros/black boxes:               0
Number of buf/inv:                       2072
Number of references:                      55

Combinational area:              15707.300082
Buf/Inv area:                     1229.186001
Noncombinational area:            9552.591656
Macro/Black Box area:                0.000000
Net Interconnect area:      undefined  (Wire load has zero net area)

Total cell area:                 25259.891738
Total area:                 undefined

Hierarchical area distribution
------------------------------

                                  Global cell area            Local cell area
                                  -------------------  ----------------------------- 
Hierarchical cell                 Absolute    Percent  Combi-      Noncombi-  Black-
                                  Total       Total    national    national   boxes   Design
--------------------------------  ----------  -------  ----------  ---------  ------  ---------
gpu                               25259.8917    100.0  15707.3001  9552.5917  0.0000  gpu
--------------------------------  ----------  -------  ----------  ---------  ------  ---------
Total                                                  15707.3001  9552.5917  0.0000

1
