
                           Design Compiler Graphical 
                                 DC Ultra (TM)
                                  DFTMAX (TM)
                              Power Compiler (TM)
                                 DesignWare (R)
                                 DC Expert (TM)
                               Design Vision (TM)
                               HDL Compiler (TM)
                               VHDL Compiler (TM)
                                  DFT Compiler
                               Design Compiler(R)

              Version R-2020.09-SP5-1 for linux64 - Jun 03, 2021 

                    Copyright (c) 1988 - 2021 Synopsys, Inc.
   This software and the associated documentation are proprietary to Synopsys,
 Inc. This software may only be used in accordance with the terms and conditions
 of a written license agreement with Synopsys, Inc. All other use, reproduction,
   or distribution of this software is strictly prohibited.  Licensed Products
     communicate with Synopsys servers for the purpose of providing software
    updates, detecting software piracy and verifying that customers are using
    Licensed Products in conformity with the applicable License Key for such
  Licensed Products. Synopsys will use information gathered in connection with
    this process to deliver software updates and pursue software pirates and
                                   infringers.

 Inclusivity & Diversity - Visit SolvNetPlus to read the "Synopsys Statement on
            Inclusivity and Diversity" (Refer to article 000036315 at
                        https://solvnetplus.synopsys.com)
Initializing...
# ===============================
# dc_tiny.tcl
# Run from project root
# ===============================
# ---------- User config ----------
set DESIGN_NAME gpu
gpu
set REPORT_DIR ./reports_tiny
./reports_tiny
set WORK_DIR   ./work_tiny
./work_tiny
# ---------- Technology library ----------
set TARGET_LIB "./stdcells.db"
./stdcells.db
set LINK_LIB   "* $TARGET_LIB"
* ./stdcells.db
# ---------- Setup ----------
file mkdir $REPORT_DIR
file mkdir $WORK_DIR
define_design_lib WORK -path $WORK_DIR
1
set_app_var target_library $TARGET_LIB
./stdcells.db
set_app_var link_library   $LINK_LIB
* ./stdcells.db
set_app_var search_path    [list . ./tiny]
. ./tiny
set hdlin_sv_enable_vpp true
true
set verilogout_no_tri true
true
# ---------- Read RTL ----------
puts "INFO: Reading RTL files:"
INFO: Reading RTL files:
puts "  tiny/gpu.v"
  tiny/gpu.v
puts "  tiny/alu.v"
  tiny/alu.v
read_file -format sverilog {tiny/gpu.v tiny/alu.v}
Loading db file '/home/rf5447/stdcells.db'
Loading db file '/usr/licensed/synopsys-2021/syn/R-2020.09-SP5-1/libraries/syn/gtech.db'
Loading db file '/usr/licensed/synopsys-2021/syn/R-2020.09-SP5-1/libraries/syn/standard.sldb'
  Loading link library 'NangateOpenCellLibrary'
  Loading link library 'gtech'
Loading sverilog files: '/home/rf5447/tiny/gpu.v' '/home/rf5447/tiny/alu.v' 
Detecting input file type automatically (-rtl or -netlist).
Reading with Presto HDL Compiler (equivalent to -rtl option).
Running PRESTO HDLC
Compiling source file /home/rf5447/tiny/gpu.v
Compiling source file /home/rf5447/tiny/alu.v
Warning:  /home/rf5447/tiny/alu.v:2: Overwriting existing design element 'alu' with newer version. (VER-64)
Warning:  /home/rf5447/tiny/gpu.v:89: signed to unsigned assignment occurs. (VER-318)
Warning:  /home/rf5447/tiny/gpu.v:97: signed to unsigned assignment occurs. (VER-318)

Statistics for case statements in always block at line 54 in file
	'/home/rf5447/tiny/gpu.v'
===============================================
|           Line           |  full/ parallel  |
===============================================
|            77            |     no/auto      |
===============================================

Inferred memory devices in process
	in routine controller line 54 in file
		'/home/rf5447/tiny/gpu.v'.
========================================================================================
|        Register Name         |   Type    | Width | Bus | MB | AR | AS | SR | SS | ST |
========================================================================================
|      mem_read_valid_reg      | Flip-flop |   1   |  N  | N  | N  | N  | N  | N  | N  |
|     mem_read_address_reg     | Flip-flop |   8   |  Y  | N  | N  | N  | N  | N  | N  |
|     mem_write_valid_reg      | Flip-flop |   1   |  N  | N  | N  | N  | N  | N  | N  |
|    mem_write_address_reg     | Flip-flop |   8   |  Y  | N  | N  | N  | N  | N  | N  |
|      mem_write_data_reg      | Flip-flop |  16   |  Y  | N  | N  | N  | N  | N  | N  |
|   consumer_read_ready_reg    | Flip-flop |   4   |  Y  | N  | N  | N  | N  | N  | N  |
|    consumer_read_data_reg    | Flip-flop |  64   |  Y  | N  | N  | N  | N  | N  | N  |
|   consumer_write_ready_reg   | Flip-flop |   4   |  Y  | N  | N  | N  | N  | N  | N  |
|     current_consumer_reg     | Flip-flop |   2   |  Y  | N  | N  | N  | N  | N  | N  |
|     controller_state_reg     | Flip-flop |   3   |  Y  | N  | N  | N  | N  | N  | N  |
| channel_serving_consumer_reg | Flip-flop |   4   |  Y  | N  | N  | N  | N  | N  | N  |
========================================================================================
Statistics for MUX_OPs
======================================================
| block name/line  | Inputs | Outputs | # sel inputs |
======================================================
|  controller/126  |   4    |    2    |      2       |
======================================================

Inferred memory devices in process
	in routine dcr line 413 in file
		'/home/rf5447/tiny/gpu.v'.
======================================================================================
|       Register Name        |   Type    | Width | Bus | MB | AR | AS | SR | SS | ST |
======================================================================================
| device_conrol_register_reg | Flip-flop |   8   |  Y  | N  | N  | N  | N  | N  | N  |
======================================================================================

Statistics for case statements in always block at line 469 in file
	'/home/rf5447/tiny/gpu.v'
===============================================
|           Line           |  full/ parallel  |
===============================================
|           501            |     no/auto      |
===============================================

Inferred memory devices in process
	in routine decoder line 469 in file
		'/home/rf5447/tiny/gpu.v'.
==========================================================================================
|         Register Name          |   Type    | Width | Bus | MB | AR | AS | SR | SS | ST |
==========================================================================================
|        decoded_ret_reg         | Flip-flop |   1   |  N  | N  | N  | N  | N  | N  | N  |
|     decoded_rd_address_reg     | Flip-flop |   4   |  Y  | N  | N  | N  | N  | N  | N  |
|     decoded_rs_address_reg     | Flip-flop |   4   |  Y  | N  | N  | N  | N  | N  | N  |
|     decoded_rt_address_reg     | Flip-flop |   4   |  Y  | N  | N  | N  | N  | N  | N  |
|     decoded_immediate_reg      | Flip-flop |   8   |  Y  | N  | N  | N  | N  | N  | N  |
|        decoded_nzp_reg         | Flip-flop |   3   |  Y  | N  | N  | N  | N  | N  | N  |
|  decoded_reg_write_enable_reg  | Flip-flop |   1   |  N  | N  | N  | N  | N  | N  | N  |
|  decoded_mem_read_enable_reg   | Flip-flop |   1   |  N  | N  | N  | N  | N  | N  | N  |
|  decoded_mem_write_enable_reg  | Flip-flop |   1   |  N  | N  | N  | N  | N  | N  | N  |
|  decoded_nzp_write_enable_reg  | Flip-flop |   1   |  N  | N  | N  | N  | N  | N  | N  |
|   decoded_reg_input_mux_reg    | Flip-flop |   2   |  Y  | N  | N  | N  | N  | N  | N  |
| decoded_alu_arithmetic_mux_reg | Flip-flop |   2   |  Y  | N  | N  | N  | N  | N  | N  |
|   decoded_alu_output_mux_reg   | Flip-flop |   1   |  N  | N  | N  | N  | N  | N  | N  |
|       decoded_pc_mux_reg       | Flip-flop |   1   |  N  | N  | N  | N  | N  | N  | N  |
==========================================================================================

Inferred memory devices in process
	in routine dispatch line 573 in file
		'/home/rf5447/tiny/gpu.v'.
=================================================================================
|     Register Name     |   Type    | Width | Bus | MB | AR | AS | SR | SS | ST |
=================================================================================
|   core_block_id_reg   | Flip-flop |  16   |  Y  | N  | N  | N  | N  | N  | N  |
|       done_reg        | Flip-flop |   1   |  N  | N  | N  | N  | N  | N  | N  |
| blocks_dispatched_reg | Flip-flop |   8   |  Y  | N  | N  | N  | N  | N  | N  |
|    blocks_done_reg    | Flip-flop |   8   |  Y  | N  | N  | N  | N  | N  | N  |
|  start_execution_reg  | Flip-flop |   1   |  N  | N  | N  | N  | N  | N  | N  |
| core_thread_count_reg | Flip-flop |   6   |  Y  | N  | N  | N  | N  | N  | N  |
|    core_start_reg     | Flip-flop |   2   |  Y  | N  | N  | N  | N  | N  | N  |
|    core_reset_reg     | Flip-flop |   2   |  Y  | N  | N  | N  | N  | N  | N  |
=================================================================================

Statistics for case statements in always block at line 653 in file
	'/home/rf5447/tiny/gpu.v'
===============================================
|           Line           |  full/ parallel  |
===============================================
|           661            |     no/auto      |
===============================================

Inferred memory devices in process
	in routine fetcher line 653 in file
		'/home/rf5447/tiny/gpu.v'.
================================================================================
|    Register Name     |   Type    | Width | Bus | MB | AR | AS | SR | SS | ST |
================================================================================
|   instruction_reg    | Flip-flop |  16   |  Y  | N  | N  | N  | N  | N  | N  |
|  fetcher_state_reg   | Flip-flop |   3   |  Y  | N  | N  | N  | N  | N  | N  |
|  mem_read_valid_reg  | Flip-flop |   1   |  N  | N  | N  | N  | N  | N  | N  |
| mem_read_address_reg | Flip-flop |   8   |  Y  | N  | N  | N  | N  | N  | N  |
================================================================================

Inferred memory devices in process
	in routine gpu line 845 in file
		'/home/rf5447/tiny/gpu.v'.
=============================================================================================
|           Register Name           |   Type    | Width | Bus | MB | AR | AS | SR | SS | ST |
=============================================================================================
|        lsu_read_valid_reg         | Flip-flop |   8   |  Y  | N  | N  | N  | N  | N  | N  |
|       lsu_read_address_reg        | Flip-flop |  64   |  Y  | N  | N  | N  | N  | N  | N  |
|        lsu_write_valid_reg        | Flip-flop |   8   |  Y  | N  | N  | N  | N  | N  | N  |
|       lsu_write_address_reg       | Flip-flop |  64   |  Y  | N  | N  | N  | N  | N  | N  |
|        lsu_write_data_reg         | Flip-flop |  64   |  Y  | N  | N  | N  | N  | N  | N  |
| cores[0].core_lsu_read_ready_reg  | Flip-flop |   4   |  Y  | N  | N  | N  | N  | N  | N  |
|  cores[0].core_lsu_read_data_reg  | Flip-flop |  32   |  Y  | N  | N  | N  | N  | N  | N  |
| cores[0].core_lsu_write_ready_reg | Flip-flop |   4   |  Y  | N  | N  | N  | N  | N  | N  |
| cores[1].core_lsu_read_ready_reg  | Flip-flop |   4   |  Y  | N  | N  | N  | N  | N  | N  |
|  cores[1].core_lsu_read_data_reg  | Flip-flop |  32   |  Y  | N  | N  | N  | N  | N  | N  |
| cores[1].core_lsu_write_ready_reg | Flip-flop |   4   |  Y  | N  | N  | N  | N  | N  | N  |
=============================================================================================

Statistics for case statements in always block at line 944 in file
	'/home/rf5447/tiny/gpu.v'
===============================================
|           Line           |  full/ parallel  |
===============================================
|           956            |    auto/auto     |
|           976            |    auto/auto     |
===============================================

Inferred memory devices in process
	in routine lsu line 944 in file
		'/home/rf5447/tiny/gpu.v'.
=================================================================================
|     Register Name     |   Type    | Width | Bus | MB | AR | AS | SR | SS | ST |
=================================================================================
|  mem_write_data_reg   | Flip-flop |   8   |  Y  | N  | N  | N  | N  | N  | N  |
|     lsu_state_reg     | Flip-flop |   2   |  Y  | N  | N  | N  | N  | N  | N  |
|      lsu_out_reg      | Flip-flop |   8   |  Y  | N  | N  | N  | N  | N  | N  |
|  mem_read_valid_reg   | Flip-flop |   1   |  N  | N  | N  | N  | N  | N  | N  |
| mem_read_address_reg  | Flip-flop |   8   |  Y  | N  | N  | N  | N  | N  | N  |
|  mem_write_valid_reg  | Flip-flop |   1   |  N  | N  | N  | N  | N  | N  | N  |
| mem_write_address_reg | Flip-flop |   8   |  Y  | N  | N  | N  | N  | N  | N  |
=================================================================================

Inferred memory devices in process
	in routine pc line 1025 in file
		'/home/rf5447/tiny/gpu.v'.
===============================================================================
|    Register Name    |   Type    | Width | Bus | MB | AR | AS | SR | SS | ST |
===============================================================================
|     next_pc_reg     | Flip-flop |   8   |  Y  | N  | N  | N  | N  | N  | N  |
|       nzp_reg       | Flip-flop |   3   |  Y  | N  | N  | N  | N  | N  | N  |
===============================================================================

Statistics for case statements in always block at line 1090 in file
	'/home/rf5447/tiny/gpu.v'
===============================================
|           Line           |  full/ parallel  |
===============================================
|           1119           |     no/auto      |
===============================================

Inferred memory devices in process
	in routine registers line 1090 in file
		'/home/rf5447/tiny/gpu.v'.
===============================================================================
|    Register Name    |   Type    | Width | Bus | MB | AR | AS | SR | SS | ST |
===============================================================================
|       rs_reg        | Flip-flop |   8   |  Y  | N  | N  | N  | N  | N  | N  |
|       rt_reg        | Flip-flop |   8   |  Y  | N  | N  | N  | N  | N  | N  |
|    registers_reg    | Flip-flop |  128  |  Y  | N  | N  | N  | N  | N  | N  |
===============================================================================
Statistics for MUX_OPs
======================================================
| block name/line  | Inputs | Outputs | # sel inputs |
======================================================
|  registers/1114  |   16   |    8    |      4       |
|  registers/1115  |   16   |    8    |      4       |
======================================================

Statistics for case statements in always block at line 1163 in file
	'/home/rf5447/tiny/gpu.v'
===============================================
|           Line           |  full/ parallel  |
===============================================
|           1172           |    auto/auto     |
===============================================

Inferred memory devices in process
	in routine scheduler line 1163 in file
		'/home/rf5447/tiny/gpu.v'.
===============================================================================
|    Register Name    |   Type    | Width | Bus | MB | AR | AS | SR | SS | ST |
===============================================================================
|   core_state_reg    | Flip-flop |   3   |  Y  | N  | N  | N  | N  | N  | N  |
|      done_reg       | Flip-flop |   1   |  N  | N  | N  | N  | N  | N  | N  |
|   current_pc_reg    | Flip-flop |   8   |  Y  | N  | N  | N  | N  | N  | N  |
===============================================================================

Statistics for case statements in always block at line 1250 in file
	'/home/rf5447/tiny/gpu.v'
===============================================
|           Line           |  full/ parallel  |
===============================================
|           1258           |    auto/auto     |
===============================================

Inferred memory devices in process
	in routine alu line 1250 in file
		'/home/rf5447/tiny/gpu.v'.
===============================================================================
|    Register Name    |   Type    | Width | Bus | MB | AR | AS | SR | SS | ST |
===============================================================================
|   alu_out_reg_reg   | Flip-flop |   8   |  Y  | N  | N  | N  | N  | N  | N  |
===============================================================================
Presto compilation completed successfully.
Current design is now '/home/rf5447/tiny/controller.db:controller'
Loaded 12 designs.
Current design is 'controller'.
controller core dcr decoder dispatch fetcher gpu lsu pc registers scheduler alu
# ---------- Elaborate ----------
elaborate $DESIGN_NAME
Error: Cannot find the design 'gpu' in the library 'WORK'. (LBR-0)
0
current_design $DESIGN_NAME
Current design is 'gpu'.
{gpu}
link

  Linking design 'gpu'
  Using the following designs and libraries:
  --------------------------------------------------------------------------
  * (12 designs)              /home/rf5447/tiny/gpu.db, etc
  NangateOpenCellLibrary (library) /home/rf5447/stdcells.db

Information: Building the design 'controller' instantiated from design 'gpu' with
	the parameters "ADDR_BITS=8,DATA_BITS=8,NUM_CONSUMERS=8,NUM_CHANNELS=4". (HDL-193)
Warning: Cannot find the design 'controller' in the library 'WORK'. (LBR-1)
Information: Building the design 'controller' instantiated from design 'gpu' with
	the parameters "ADDR_BITS=8,DATA_BITS=16,NUM_CONSUMERS=2,NUM_CHANNELS=1,WRITE_ENABLE=0". (HDL-193)
Warning: Cannot find the design 'controller' in the library 'WORK'. (LBR-1)
Information: Building the design 'registers' instantiated from design 'core' with
	the parameters "THREADS_PER_BLOCK=4,THREAD_ID=1,DATA_BITS=8". (HDL-193)
Warning: Cannot find the design 'registers' in the library 'WORK'. (LBR-1)
Information: Building the design 'registers' instantiated from design 'core' with
	the parameters "THREADS_PER_BLOCK=4,THREAD_ID=2,DATA_BITS=8". (HDL-193)
Warning: Cannot find the design 'registers' in the library 'WORK'. (LBR-1)
Information: Building the design 'registers' instantiated from design 'core' with
	the parameters "THREADS_PER_BLOCK=4,THREAD_ID=3,DATA_BITS=8". (HDL-193)
Warning: Cannot find the design 'registers' in the library 'WORK'. (LBR-1)
Warning: Unable to resolve reference 'controller' in 'gpu'. (LINK-5)
Warning: Unable to resolve reference 'registers' in 'core'. (LINK-5)
0
# ---------- Constraints ----------
create_clock -name clk -period 1.0 [get_ports clk]
Warning: Design 'gpu' has '2' unresolved references. For more detailed information, use the "link" command. (UID-341)
1
set_clock_uncertainty 0.1 [get_clocks clk]
Warning: Design 'gpu' has '2' unresolved references. For more detailed information, use the "link" command. (UID-341)
Warning: Design 'gpu' has '2' unresolved references. For more detailed information, use the "link" command. (UID-341)
1
set_input_delay  0.1 -clock clk [all_inputs]
Warning: Design 'gpu' has '2' unresolved references. For more detailed information, use the "link" command. (UID-341)
1
set_output_delay 0.1 -clock clk [all_outputs]
Warning: Design 'gpu' has '2' unresolved references. For more detailed information, use the "link" command. (UID-341)
1
set_max_transition 0.15 [current_design]
Current design is 'gpu'.
1
set_max_fanout 10 [current_design]
Current design is 'gpu'.
1
# ---------- Compile ----------
compile_ultra
Loading db file '/usr/licensed/synopsys-2021/syn/R-2020.09-SP5-1/libraries/syn/dw_foundation.sldb'
Information: Failed to find dw_foundation.sldb in the user defined search_path, load it from 'Synopsys Root'. (UISN-70)
Warning: DesignWare synthetic library dw_foundation.sldb is added to the synthetic_library in the current command. (UISN-40)
Information: Building the design 'controller' instantiated from design 'gpu' with
	the parameters "ADDR_BITS=8,DATA_BITS=8,NUM_CONSUMERS=8,NUM_CHANNELS=4". (HDL-193)
Warning: Cannot find the design 'controller' in the library 'WORK'. (LBR-1)
Information: Building the design 'controller' instantiated from design 'gpu' with
	the parameters "ADDR_BITS=8,DATA_BITS=16,NUM_CONSUMERS=2,NUM_CHANNELS=1,WRITE_ENABLE=0". (HDL-193)
Warning: Cannot find the design 'controller' in the library 'WORK'. (LBR-1)
Information: Building the design 'registers' instantiated from design 'core' with
	the parameters "THREADS_PER_BLOCK=4,THREAD_ID=1,DATA_BITS=8". (HDL-193)
Warning: Cannot find the design 'registers' in the library 'WORK'. (LBR-1)
Information: Building the design 'registers' instantiated from design 'core' with
	the parameters "THREADS_PER_BLOCK=4,THREAD_ID=2,DATA_BITS=8". (HDL-193)
Warning: Cannot find the design 'registers' in the library 'WORK'. (LBR-1)
Information: Building the design 'registers' instantiated from design 'core' with
	the parameters "THREADS_PER_BLOCK=4,THREAD_ID=3,DATA_BITS=8". (HDL-193)
Warning: Cannot find the design 'registers' in the library 'WORK'. (LBR-1)
Warning: Unable to resolve reference 'controller' in 'gpu'. (LINK-5)
Warning: Unable to resolve reference 'registers' in 'core'. (LINK-5)
Information: Performing power optimization. (PWR-850)
Alib files are up-to-date.
Information: Evaluating DesignWare library utilization. (UISN-27)

============================================================================
| DesignWare Building Block Library  |         Version         | Available |
============================================================================
| Basic DW Building Blocks           | R-2020.09-DWBB_202009.5 |     *     |
| Licensed DW Building Blocks        | R-2020.09-DWBB_202009.5 |     *     |
============================================================================

Information: Sequential output inversion is enabled.  SVF file must be used for formal verification. (OPT-1208)

Information: There are 511 potential problems in your design. Please run 'check_design' for more information. (LINT-99)

Information: Uniquified 2 instances of design 'core'. (OPT-1056)
Information: Uniquified 2 instances of design 'decoder'. (OPT-1056)
Information: Uniquified 2 instances of design 'fetcher'. (OPT-1056)
Information: Uniquified 8 instances of design 'lsu'. (OPT-1056)
Information: Uniquified 8 instances of design 'pc'. (OPT-1056)
Information: Uniquified 2 instances of design 'registers'. (OPT-1056)
Information: Uniquified 2 instances of design 'scheduler'. (OPT-1056)
Information: Uniquified 8 instances of design 'alu'. (OPT-1056)
  Simplifying Design 'gpu'
Information: The register 'cores[0].core_instance/threads[1].pc_instance/next_pc_reg[0]' will be removed. (OPT-1207)
Information: The register 'cores[0].core_instance/threads[1].pc_instance/next_pc_reg[1]' will be removed. (OPT-1207)
Information: The register 'cores[0].core_instance/threads[1].pc_instance/next_pc_reg[2]' will be removed. (OPT-1207)
Information: The register 'cores[0].core_instance/threads[1].pc_instance/next_pc_reg[3]' will be removed. (OPT-1207)
Information: The register 'cores[0].core_instance/threads[1].pc_instance/next_pc_reg[4]' will be removed. (OPT-1207)
Information: The register 'cores[0].core_instance/threads[1].pc_instance/next_pc_reg[5]' will be removed. (OPT-1207)
Information: The register 'cores[0].core_instance/threads[1].pc_instance/next_pc_reg[6]' will be removed. (OPT-1207)
Information: The register 'cores[0].core_instance/threads[1].pc_instance/next_pc_reg[7]' will be removed. (OPT-1207)
Information: The register 'cores[0].core_instance/threads[2].pc_instance/next_pc_reg[0]' will be removed. (OPT-1207)
Information: The register 'cores[0].core_instance/threads[2].pc_instance/next_pc_reg[1]' will be removed. (OPT-1207)
Information: The register 'cores[0].core_instance/threads[2].pc_instance/next_pc_reg[2]' will be removed. (OPT-1207)
Information: The register 'cores[0].core_instance/threads[2].pc_instance/next_pc_reg[3]' will be removed. (OPT-1207)
Information: The register 'cores[0].core_instance/threads[2].pc_instance/next_pc_reg[4]' will be removed. (OPT-1207)
Information: The register 'cores[0].core_instance/threads[2].pc_instance/next_pc_reg[5]' will be removed. (OPT-1207)
Information: The register 'cores[0].core_instance/threads[2].pc_instance/next_pc_reg[6]' will be removed. (OPT-1207)
Information: The register 'cores[0].core_instance/threads[2].pc_instance/next_pc_reg[7]' will be removed. (OPT-1207)
Information: The register 'cores[1].core_instance/threads[0].pc_instance/next_pc_reg[0]' will be removed. (OPT-1207)
Information: The register 'cores[1].core_instance/threads[0].pc_instance/next_pc_reg[1]' will be removed. (OPT-1207)
Information: The register 'cores[1].core_instance/threads[0].pc_instance/next_pc_reg[2]' will be removed. (OPT-1207)
Information: The register 'cores[1].core_instance/threads[0].pc_instance/next_pc_reg[3]' will be removed. (OPT-1207)
Information: The register 'cores[1].core_instance/threads[0].pc_instance/next_pc_reg[4]' will be removed. (OPT-1207)
Information: The register 'cores[1].core_instance/threads[0].pc_instance/next_pc_reg[5]' will be removed. (OPT-1207)
Information: The register 'cores[1].core_instance/threads[0].pc_instance/next_pc_reg[6]' will be removed. (OPT-1207)
Information: The register 'cores[1].core_instance/threads[0].pc_instance/next_pc_reg[7]' will be removed. (OPT-1207)
Information: The register 'cores[1].core_instance/threads[1].pc_instance/next_pc_reg[0]' will be removed. (OPT-1207)
Information: The register 'cores[1].core_instance/threads[1].pc_instance/next_pc_reg[1]' will be removed. (OPT-1207)
Information: The register 'cores[1].core_instance/threads[1].pc_instance/next_pc_reg[2]' will be removed. (OPT-1207)
Information: The register 'cores[1].core_instance/threads[1].pc_instance/next_pc_reg[3]' will be removed. (OPT-1207)
Information: The register 'cores[1].core_instance/threads[1].pc_instance/next_pc_reg[4]' will be removed. (OPT-1207)
Information: The register 'cores[1].core_instance/threads[1].pc_instance/next_pc_reg[5]' will be removed. (OPT-1207)
Information: The register 'cores[1].core_instance/threads[1].pc_instance/next_pc_reg[6]' will be removed. (OPT-1207)
Information: The register 'cores[1].core_instance/threads[1].pc_instance/next_pc_reg[7]' will be removed. (OPT-1207)
Information: The register 'cores[1].core_instance/threads[2].pc_instance/next_pc_reg[0]' will be removed. (OPT-1207)
Information: The register 'cores[1].core_instance/threads[2].pc_instance/next_pc_reg[1]' will be removed. (OPT-1207)
Information: The register 'cores[1].core_instance/threads[2].pc_instance/next_pc_reg[2]' will be removed. (OPT-1207)
Information: The register 'cores[1].core_instance/threads[2].pc_instance/next_pc_reg[3]' will be removed. (OPT-1207)
Information: The register 'cores[1].core_instance/threads[2].pc_instance/next_pc_reg[4]' will be removed. (OPT-1207)
Information: The register 'cores[1].core_instance/threads[2].pc_instance/next_pc_reg[5]' will be removed. (OPT-1207)
Information: The register 'cores[1].core_instance/threads[2].pc_instance/next_pc_reg[6]' will be removed. (OPT-1207)
Information: The register 'cores[1].core_instance/threads[2].pc_instance/next_pc_reg[7]' will be removed. (OPT-1207)
Information: The register 'cores[0].core_instance/threads[0].pc_instance/next_pc_reg[0]' will be removed. (OPT-1207)
Information: The register 'cores[0].core_instance/threads[0].pc_instance/next_pc_reg[1]' will be removed. (OPT-1207)
Information: The register 'cores[0].core_instance/threads[0].pc_instance/next_pc_reg[2]' will be removed. (OPT-1207)
Information: The register 'cores[0].core_instance/threads[0].pc_instance/next_pc_reg[3]' will be removed. (OPT-1207)
Information: The register 'cores[0].core_instance/threads[0].pc_instance/next_pc_reg[4]' will be removed. (OPT-1207)
Information: The register 'cores[0].core_instance/threads[0].pc_instance/next_pc_reg[5]' will be removed. (OPT-1207)
Information: The register 'cores[0].core_instance/threads[0].pc_instance/next_pc_reg[6]' will be removed. (OPT-1207)
Information: The register 'cores[0].core_instance/threads[0].pc_instance/next_pc_reg[7]' will be removed. (OPT-1207)

Information: Building the design 'controller' instantiated from design 'gpu' with
	the parameters "ADDR_BITS=8,DATA_BITS=8,NUM_CONSUMERS=8,NUM_CHANNELS=4". (HDL-193)
Warning: Cannot find the design 'controller' in the library 'WORK'. (LBR-1)
Information: Building the design 'controller' instantiated from design 'gpu' with
	the parameters "ADDR_BITS=8,DATA_BITS=16,NUM_CONSUMERS=2,NUM_CHANNELS=1,WRITE_ENABLE=0". (HDL-193)
Warning: Cannot find the design 'controller' in the library 'WORK'. (LBR-1)
Information: Building the design 'registers' instantiated from design 'core_1' with
	the parameters "THREADS_PER_BLOCK=4,THREAD_ID=1,DATA_BITS=8". (HDL-193)
Warning: Cannot find the design 'registers' in the library 'WORK'. (LBR-1)
Information: Building the design 'registers' instantiated from design 'core_1' with
	the parameters "THREADS_PER_BLOCK=4,THREAD_ID=2,DATA_BITS=8". (HDL-193)
Warning: Cannot find the design 'registers' in the library 'WORK'. (LBR-1)
Information: Building the design 'registers' instantiated from design 'core_1' with
	the parameters "THREADS_PER_BLOCK=4,THREAD_ID=3,DATA_BITS=8". (HDL-193)
Warning: Cannot find the design 'registers' in the library 'WORK'. (LBR-1)
Warning: Unable to resolve reference 'controller' in 'gpu'. (LINK-5)
Warning: Unable to resolve reference 'registers' in 'core_1'. (LINK-5)
Warning: Unable to resolve reference 'registers' in 'core_0'. (LINK-5)
Loaded alib file './alib-52/stdcells.db.alib'
  Building model 'DW01_NAND2'
Information: Ungrouping 0 of 37 hierarchies before Pass 1 (OPT-775)
Information: State dependent leakage is now switched from on to off.

  Beginning Pass 1 Mapping
  ------------------------
  Processing 'gpu'
  Processing 'pc_0'
 Implement Synthetic for 'pc_0'.
  Processing 'dispatch'
Information: Added key list 'DesignWare' to design 'dispatch'. (DDB-72)
 Implement Synthetic for 'dispatch'.
  Processing 'core_0'
Information: Added key list 'DesignWare' to design 'core_0'. (DDB-72)
  Processing 'decoder_0'
Information: In design 'decoder_0', the register 'decoded_nzp_write_enable_reg' is removed because it is merged to 'decoded_alu_output_mux_reg'. (OPT-1215)
Information: In design 'decoder_0', the register 'decoded_rd_address_reg[1]' is removed because it is merged to 'decoded_nzp_reg[0]'. (OPT-1215)
Information: In design 'decoder_0', the register 'decoded_rd_address_reg[2]' is removed because it is merged to 'decoded_nzp_reg[1]'. (OPT-1215)
Information: In design 'decoder_0', the register 'decoded_rd_address_reg[3]' is removed because it is merged to 'decoded_nzp_reg[2]'. (OPT-1215)
Information: In design 'decoder_0', the register 'decoded_rt_address_reg[0]' is removed because it is merged to 'decoded_immediate_reg[0]'. (OPT-1215)
Information: In design 'decoder_0', the register 'decoded_rt_address_reg[1]' is removed because it is merged to 'decoded_immediate_reg[1]'. (OPT-1215)
Information: In design 'decoder_0', the register 'decoded_rt_address_reg[2]' is removed because it is merged to 'decoded_immediate_reg[2]'. (OPT-1215)
Information: In design 'decoder_0', the register 'decoded_rt_address_reg[3]' is removed because it is merged to 'decoded_immediate_reg[3]'. (OPT-1215)
Information: In design 'decoder_0', the register 'decoded_rs_address_reg[0]' is removed because it is merged to 'decoded_immediate_reg[4]'. (OPT-1215)
Information: In design 'decoder_0', the register 'decoded_rs_address_reg[1]' is removed because it is merged to 'decoded_immediate_reg[5]'. (OPT-1215)
Information: In design 'decoder_0', the register 'decoded_rs_address_reg[2]' is removed because it is merged to 'decoded_immediate_reg[6]'. (OPT-1215)
Information: In design 'decoder_0', the register 'decoded_rs_address_reg[3]' is removed because it is merged to 'decoded_immediate_reg[7]'. (OPT-1215)
  Processing 'lsu_0'
  Processing 'scheduler_0'
  Processing 'dcr'
  Processing 'registers_0'
Information: Added key list 'DesignWare' to design 'registers_0'. (DDB-72)
  Processing 'core_1'
Information: Added key list 'DesignWare' to design 'core_1'. (DDB-72)
  Processing 'fetcher_0'
Information: The register 'fetcher_state_reg[2]' is a constant and will be removed. (OPT-1206)
  Processing 'alu_0'
Information: Added key list 'DesignWare' to design 'alu_0'. (DDB-72)
 Implement Synthetic for 'alu_0'.
  Processing 'alu_0_DW_div_uns_J3_0'
  Processing 'pc_1'
Information: Building the design 'controller' instantiated from design 'gpu' with
	the parameters "ADDR_BITS=8,DATA_BITS=8,NUM_CONSUMERS=8,NUM_CHANNELS=4". (HDL-193)
Warning: Cannot find the design 'controller' in the library 'WORK'. (LBR-1)
Information: Building the design 'controller' instantiated from design 'gpu' with
	the parameters "ADDR_BITS=8,DATA_BITS=16,NUM_CONSUMERS=2,NUM_CHANNELS=1,WRITE_ENABLE=0". (HDL-193)
Warning: Cannot find the design 'controller' in the library 'WORK'. (LBR-1)
Information: Building the design 'registers' instantiated from design 'core_1' with
	the parameters "THREADS_PER_BLOCK=4,THREAD_ID=1,DATA_BITS=8". (HDL-193)
Warning: Cannot find the design 'registers' in the library 'WORK'. (LBR-1)
Information: Building the design 'registers' instantiated from design 'core_1' with
	the parameters "THREADS_PER_BLOCK=4,THREAD_ID=2,DATA_BITS=8". (HDL-193)
Warning: Cannot find the design 'registers' in the library 'WORK'. (LBR-1)
Information: Building the design 'registers' instantiated from design 'core_1' with
	the parameters "THREADS_PER_BLOCK=4,THREAD_ID=3,DATA_BITS=8". (HDL-193)
Warning: Cannot find the design 'registers' in the library 'WORK'. (LBR-1)
Warning: Unable to resolve reference 'controller' in 'gpu'. (LINK-5)
Warning: Unable to resolve reference 'registers' in 'core_1'. (LINK-5)
Warning: Unable to resolve reference 'registers' in 'core_0'. (LINK-5)

  Updating timing information
Information: Updating design information... (UID-85)
Information: Removing unused design 'pc_1'. (OPT-1055)
Information: Removing unused design 'pc_2'. (OPT-1055)
Information: Removing unused design 'pc_3'. (OPT-1055)
Information: Removing unused design 'pc_7'. (OPT-1055)
Information: Removing unused design 'pc_5'. (OPT-1055)
Information: Removing unused design 'pc_6'. (OPT-1055)
Information: Complementing port 'decoded_pc_mux' in design 'pc_4'.
	 The new name of the port is 'decoded_pc_mux_BAR'. (OPT-319)
Information: Complementing port 'decoded_pc_mux' in design 'decoder_1'.
	 The new name of the port is 'decoded_pc_mux_BAR'. (OPT-319)
Information: Complementing port 'decoded_pc_mux' in design 'pc_0'.
	 The new name of the port is 'decoded_pc_mux_BAR'. (OPT-319)
Information: Complementing port 'decoded_pc_mux' in design 'decoder_0'.
	 The new name of the port is 'decoded_pc_mux_BAR'. (OPT-319)
Information: The register 'cores[0].core_instance/threads[0].register_instance/registers_reg[14][0]' is a constant and will be removed. (OPT-1206)
Information: The register 'cores[0].core_instance/threads[0].register_instance/registers_reg[14][1]' is a constant and will be removed. (OPT-1206)
Information: The register 'cores[0].core_instance/threads[0].register_instance/registers_reg[14][3]' is a constant and will be removed. (OPT-1206)
Information: The register 'cores[0].core_instance/threads[0].register_instance/registers_reg[14][4]' is a constant and will be removed. (OPT-1206)
Information: The register 'cores[0].core_instance/threads[0].register_instance/registers_reg[14][5]' is a constant and will be removed. (OPT-1206)
Information: The register 'cores[0].core_instance/threads[0].register_instance/registers_reg[14][6]' is a constant and will be removed. (OPT-1206)
Information: The register 'cores[0].core_instance/threads[0].register_instance/registers_reg[14][7]' is a constant and will be removed. (OPT-1206)
Information: The register 'cores[0].core_instance/threads[0].register_instance/registers_reg[15][0]' is a constant and will be removed. (OPT-1206)
Information: The register 'cores[0].core_instance/threads[0].register_instance/registers_reg[15][1]' is a constant and will be removed. (OPT-1206)
Information: The register 'cores[0].core_instance/threads[0].register_instance/registers_reg[15][2]' is a constant and will be removed. (OPT-1206)
Information: The register 'cores[0].core_instance/threads[0].register_instance/registers_reg[15][3]' is a constant and will be removed. (OPT-1206)
Information: The register 'cores[0].core_instance/threads[0].register_instance/registers_reg[15][4]' is a constant and will be removed. (OPT-1206)
Information: The register 'cores[0].core_instance/threads[0].register_instance/registers_reg[15][5]' is a constant and will be removed. (OPT-1206)
Information: The register 'cores[0].core_instance/threads[0].register_instance/registers_reg[15][6]' is a constant and will be removed. (OPT-1206)
Information: The register 'cores[0].core_instance/threads[0].register_instance/registers_reg[15][7]' is a constant and will be removed. (OPT-1206)
Information: The register 'cores[1].core_instance/threads[0].register_instance/registers_reg[15][7]' is a constant and will be removed. (OPT-1206)
Information: The register 'cores[1].core_instance/threads[0].register_instance/registers_reg[14][7]' is a constant and will be removed. (OPT-1206)
Information: The register 'cores[1].core_instance/threads[0].register_instance/registers_reg[15][6]' is a constant and will be removed. (OPT-1206)
Information: The register 'cores[1].core_instance/threads[0].register_instance/registers_reg[14][6]' is a constant and will be removed. (OPT-1206)
Information: The register 'cores[1].core_instance/threads[0].register_instance/registers_reg[15][5]' is a constant and will be removed. (OPT-1206)
Information: The register 'cores[1].core_instance/threads[0].register_instance/registers_reg[14][5]' is a constant and will be removed. (OPT-1206)
Information: The register 'cores[1].core_instance/threads[0].register_instance/registers_reg[15][4]' is a constant and will be removed. (OPT-1206)
Information: The register 'cores[1].core_instance/threads[0].register_instance/registers_reg[14][4]' is a constant and will be removed. (OPT-1206)
Information: The register 'cores[1].core_instance/threads[0].register_instance/registers_reg[15][3]' is a constant and will be removed. (OPT-1206)
Information: The register 'cores[1].core_instance/threads[0].register_instance/registers_reg[14][3]' is a constant and will be removed. (OPT-1206)
Information: The register 'cores[1].core_instance/threads[0].register_instance/registers_reg[15][2]' is a constant and will be removed. (OPT-1206)
Information: The register 'cores[1].core_instance/threads[0].register_instance/registers_reg[15][1]' is a constant and will be removed. (OPT-1206)
Information: The register 'cores[1].core_instance/threads[0].register_instance/registers_reg[14][1]' is a constant and will be removed. (OPT-1206)
Information: The register 'cores[1].core_instance/threads[0].register_instance/registers_reg[15][0]' is a constant and will be removed. (OPT-1206)
Information: The register 'cores[1].core_instance/threads[0].register_instance/registers_reg[14][0]' is a constant and will be removed. (OPT-1206)

  Beginning Mapping Optimizations  (Ultra High effort)
  -------------------------------
Information: Added key list 'DesignWare' to design 'pc_4'. (DDB-72)
Information: Added key list 'DesignWare' to design 'pc_0'. (DDB-72)
Information: Updating design information... (UID-85)
  Structuring 'alu_7_DW_div_uns_0'
  Mapping 'alu_7_DW_div_uns_0'
  Structuring 'alu_7_DW_div_uns_1'
  Mapping 'alu_7_DW_div_uns_1'
  Structuring 'alu_7_DW_div_uns_2'
  Mapping 'alu_7_DW_div_uns_2'
  Structuring 'alu_7_DW_div_uns_3'
  Mapping 'alu_7_DW_div_uns_3'
  Mapping 'alu_7_DW01_add_0'
  Mapping 'alu_7_DW01_add_1'
  Mapping 'alu_7_DW01_add_2'
  Mapping 'alu_7_DW01_sub_0'
  Mapping 'alu_7_DW01_add_3'
  Mapping 'alu_7_DW01_add_4'
  Mapping 'alu_7_DW01_add_5'
  Mapping 'alu_7_DW01_add_10'
  Mapping 'alu_7_DW01_add_11'
  Mapping 'alu_7_DW01_add_12'
  Mapping 'alu_7_DW01_add_13'
  Mapping 'alu_7_DW01_add_14'
  Mapping 'alu_7_DW01_add_15'
  Mapping 'alu_7_DW01_add_16'
  Mapping 'alu_7_DW01_add_17'
  Mapping 'alu_7_DW01_add_18'
  Mapping 'alu_7_DW01_add_19'
  Mapping 'alu_7_DW01_add_20'
  Mapping 'alu_7_DW01_add_21'
  Mapping 'alu_7_DW01_add_22'
  Mapping 'alu_7_DW01_add_23'
  Mapping 'alu_7_DW_div_uns_3'
  Structuring 'alu_3_DW_div_uns_0'
  Mapping 'alu_3_DW_div_uns_0'
  Structuring 'alu_3_DW_div_uns_1'
  Mapping 'alu_3_DW_div_uns_1'
  Structuring 'alu_3_DW_div_uns_2'
  Mapping 'alu_3_DW_div_uns_2'
  Structuring 'alu_3_DW_div_uns_3'
  Mapping 'alu_3_DW_div_uns_3'
  Mapping 'alu_3_DW01_add_0'
  Mapping 'alu_3_DW01_add_1'
  Mapping 'alu_3_DW01_add_2'
  Mapping 'alu_3_DW01_sub_0'
  Mapping 'alu_3_DW01_add_3'
  Mapping 'alu_3_DW01_add_4'
  Mapping 'alu_3_DW01_add_5'
  Mapping 'alu_3_DW01_add_10'
  Mapping 'alu_3_DW01_add_11'
  Mapping 'alu_3_DW01_add_12'
  Mapping 'alu_3_DW01_add_13'
  Mapping 'alu_3_DW01_add_14'
  Mapping 'alu_3_DW01_add_15'
  Mapping 'alu_3_DW01_add_16'
  Mapping 'alu_3_DW01_add_17'
  Mapping 'alu_3_DW01_add_18'
  Mapping 'alu_3_DW01_add_19'
  Mapping 'alu_3_DW01_add_20'
  Mapping 'alu_3_DW01_add_21'
  Mapping 'alu_3_DW01_add_22'
  Mapping 'alu_3_DW01_add_23'
  Mapping 'alu_3_DW_div_uns_3'
  Mapping Optimization (Phase 1)
  Mapping Optimization (Phase 2)
Information: The register 'cores[1].core_instance/threads[0].register_instance/registers_reg[14][2]' is a constant and will be removed. (OPT-1206)
Information: The register 'cores[0].core_instance/threads[0].register_instance/registers_reg[14][2]' is a constant and will be removed. (OPT-1206)

                                  TOTAL                                                
   ELAPSED            WORST NEG   SETUP    DESIGN                              LEAKAGE 
    TIME      AREA      SLACK     COST    RULE COST         ENDPOINT            POWER  
  --------- --------- --------- --------- --------- ------------------------- ---------
    0:00:17   12542.4      0.64      68.0    1410.1                           278146.1875
    0:00:17   12511.3      0.75      68.4    1404.1                           277189.0312

  Beginning Constant Register Removal
  -----------------------------------
    0:00:17   12511.3      0.75      68.4    1404.1                           277189.0312
    0:00:17   12511.3      0.75      68.4    1404.1                           277189.0312

  Beginning Global Optimizations
  ------------------------------
  Numerical Synthesis (Phase 1)
  Numerical Synthesis (Phase 2)
  Global Optimization (Phase 1)
  Global Optimization (Phase 2)
  Global Optimization (Phase 3)
  Global Optimization (Phase 4)
  Global Optimization (Phase 5)
  Global Optimization (Phase 6)
  Global Optimization (Phase 7)
  Global Optimization (Phase 8)
  Global Optimization (Phase 9)
  Global Optimization (Phase 10)
  Global Optimization (Phase 11)
  Global Optimization (Phase 12)
  Global Optimization (Phase 13)
  Global Optimization (Phase 14)
  Global Optimization (Phase 15)
  Global Optimization (Phase 16)
  Global Optimization (Phase 17)
  Global Optimization (Phase 18)
  Global Optimization (Phase 19)
  Global Optimization (Phase 20)
  Global Optimization (Phase 21)
  Global Optimization (Phase 22)
  Global Optimization (Phase 23)
  Global Optimization (Phase 24)
  Global Optimization (Phase 25)
  Global Optimization (Phase 26)
  Global Optimization (Phase 27)
  Global Optimization (Phase 28)
  Global Optimization (Phase 29)
  Global Optimization (Phase 30)
  Global Optimization (Phase 31)
  Global Optimization (Phase 32)

  Beginning Isolate Ports
  -----------------------

  Beginning Delay Optimization
  ----------------------------
    0:00:19   11669.2      0.69      18.1    1421.9                           242544.3125
    0:00:21   11789.4      0.49      14.7    1400.9                           247457.3438
    0:00:21   11789.4      0.49      14.7    1400.9                           247457.3438
    0:00:22   11792.8      0.49      14.8    1400.9                           247558.1094
Information: The register 'dispatch_instance/blocks_dispatched_reg[7]' is a constant and will be removed. (OPT-1206)
    0:00:23   11682.2      0.49      13.7    1375.9                           245146.0625
    0:00:23   11679.0      0.49      13.3    1373.9                           245075.6094

  Beginning WLM Backend Optimization
  --------------------------------------
    0:00:24   11566.7      0.48      12.5    1357.6                           241128.7031
    0:00:24   11564.6      0.48      12.4    1357.6                           241019.1406
    0:00:24   11564.6      0.48      12.4    1357.6                           241019.1406
    0:00:25   11562.0      0.48      12.4    1357.6                           240939.1875
    0:00:25   11562.0      0.48      12.4    1357.6                           240939.1875
    0:00:25   11589.1      0.47      12.4    1358.6                           242018.4688
    0:00:25   11589.1      0.47      12.4    1358.6                           242018.4688
    0:00:25   11589.6      0.47      12.4    1358.6                           242047.1562
    0:00:25   11589.6      0.47      12.4    1358.6                           242047.1562
    0:00:26   11589.6      0.47      12.4    1358.6                           242047.1562
    0:00:26   11589.6      0.47      12.4    1358.6                           242047.1562
    0:00:27   11596.0      0.44      12.5    1355.6                           242458.6875
    0:00:27   11596.0      0.44      12.5    1355.6                           242458.6875
    0:00:27   11596.0      0.44      12.5    1355.6                           242458.6875
    0:00:27   11596.0      0.44      12.5    1355.6                           242458.6875
    0:00:27   11596.0      0.44      12.5    1355.6                           242458.6875
    0:00:27   11596.0      0.44      12.5    1355.6                           242458.6875
    0:00:28   11596.0      0.44      12.5    1355.6                           242458.6875
    0:00:28   11596.0      0.44      12.5    1355.6                           242458.6875
    0:00:28   11596.0      0.44      12.5    1355.6                           242458.6875
    0:00:28   11596.0      0.44      12.5    1355.6                           242458.6875
    0:00:28   11596.0      0.44      12.5    1355.6                           242458.6875


  Beginning Design Rule Fixing  (max_transition)  (max_fanout)  (max_capacitance)
  ----------------------------

                                  TOTAL                                                
   ELAPSED            WORST NEG   SETUP    DESIGN                              LEAKAGE 
    TIME      AREA      SLACK     COST    RULE COST         ENDPOINT            POWER  
  --------- --------- --------- --------- --------- ------------------------- ---------
    0:00:28   11596.0      0.44      12.5    1355.6                           242458.6875
  Global Optimization (Phase 33)
  Global Optimization (Phase 34)
  Global Optimization (Phase 35)
    0:00:29   11779.8      0.42      12.2     282.0 cores[1].core_instance/threads[0].alu_instance/alu_out_reg_reg[0]/D 247093.1875
    0:00:30   11797.9      0.38      10.8     281.0 cores[0].core_instance/threads[0].alu_instance/alu_out_reg_reg[0]/D 247457.5312
    0:00:30   11822.1      0.36       9.9     278.0 cores[0].core_instance/threads[0].alu_instance/alu_out_reg_reg[0]/D 247929.0625
    0:00:31   11835.9      0.34       9.7     273.0 cores[0].core_instance/threads[0].alu_instance/alu_out_reg_reg[0]/D 248277.0312
    0:00:31   11845.5      0.33       9.4     273.0 cores[0].core_instance/threads[0].alu_instance/alu_out_reg_reg[0]/D 248626.1094
    0:00:31   11853.8      0.32       8.7     273.0 cores[0].core_instance/threads[0].alu_instance/alu_out_reg_reg[0]/D 248824.4844
    0:00:32   11857.2      0.32       8.7     272.0 cores[0].core_instance/threads[0].alu_instance/alu_out_reg_reg[0]/D 248895.1250
    0:00:32   11878.8      0.31       8.6     159.0 cores[0].core_instance/threads[0].alu_instance/rs[2] 249396.9375
    0:00:33   11910.1      0.31       8.6      19.0 cores[0].core_instance/threads[3].alu_instance/rt[4] 249770.5156
    0:00:33   11916.5      0.31       8.6       0.0                           249911.5000
    0:00:34   11916.5      0.31       8.6       0.0                           249911.5000


  Beginning Leakage Power Optimization  (max_leakage_power 0)
  ------------------------------------

                                  TOTAL                                                
   ELAPSED            WORST NEG   SETUP    DESIGN                              LEAKAGE 
    TIME      AREA      SLACK     COST    RULE COST         ENDPOINT            POWER  
  --------- --------- --------- --------- --------- ------------------------- ---------
    0:00:34   11916.5      0.31       8.6       0.0                           249911.5000
  Global Optimization (Phase 36)
  Global Optimization (Phase 37)
  Global Optimization (Phase 38)
  Global Optimization (Phase 39)
  Global Optimization (Phase 40)
  Global Optimization (Phase 41)
  Global Optimization (Phase 42)
  Global Optimization (Phase 43)
  Global Optimization (Phase 44)
  Global Optimization (Phase 45)
  Global Optimization (Phase 46)
  Global Optimization (Phase 47)
  Global Optimization (Phase 48)
  Global Optimization (Phase 49)
    0:00:35   11789.7      0.31       8.5       0.0 cores[0].core_instance/threads[0].alu_instance/alu_out_reg_reg[0]/D 244801.9844
    0:00:35   11804.5      0.30       8.0       0.0 cores[1].core_instance/threads[0].alu_instance/alu_out_reg_reg[0]/D 245186.3281
    0:00:35   11805.1      0.30       8.0       0.0                           245183.0156
    0:00:36   11805.1      0.30       8.0       0.0                           245183.0156
    0:00:36   11805.1      0.30       8.0       0.0                           245183.0156
    0:00:36   11804.3      0.30       8.0       0.0                           245150.3750
    0:00:36   11804.3      0.30       8.0       0.0                           245150.3750
    0:00:36   11804.3      0.30       8.0       0.0                           245150.3750
    0:00:36   11804.3      0.30       8.0       0.0                           245150.3750
    0:00:36   11806.9      0.30       8.0       0.0                           245266.8594
    0:00:36   11806.9      0.30       8.0       0.0                           245266.8594
    0:00:37   11806.9      0.30       8.0       0.0                           245266.8594
    0:00:37   11806.9      0.30       8.0       0.0                           245266.8594
    0:00:38   11821.3      0.30       8.0       2.0                           245865.2188
    0:00:38   11821.3      0.30       8.0       2.0                           245865.2188
    0:00:38   11821.6      0.30       8.0       2.0                           245857.9531
    0:00:38   11821.6      0.30       8.0       2.0                           245857.9531
    0:00:38   11821.6      0.30       8.0       2.0                           245857.9531
    0:00:38   11821.6      0.30       8.0       2.0                           245857.9531
    0:00:39   11821.6      0.30       8.0       2.0                           245857.9531
    0:00:39   11821.6      0.30       8.0       2.0                           245857.9531
    0:00:39   11821.6      0.30       8.0       2.0                           245857.9531
    0:00:39   11821.6      0.30       8.0       2.0                           245857.9531
    0:00:39   11821.6      0.30       8.0       2.0                           245857.9531

                                  TOTAL                                                
   ELAPSED            WORST NEG   SETUP    DESIGN                              LEAKAGE 
    TIME      AREA      SLACK     COST    RULE COST         ENDPOINT            POWER  
  --------- --------- --------- --------- --------- ------------------------- ---------
    0:00:39   11821.6      0.30       8.0       2.0                           245857.9531
    0:00:40   11769.7      0.30       8.4       2.0                           242834.4375
    0:00:40   11766.8      0.30       8.4       2.0                           242828.9219
    0:00:40   11766.8      0.30       8.4       2.0                           242828.9219
    0:00:40   11767.8      0.30       8.4       2.0                           242905.5000
    0:00:41   11767.3      0.30       8.2       2.0 cores[1].core_instance/threads[0].alu_instance/alu_out_reg_reg[0]/D 243042.2188
    0:00:41   11783.8      0.29       7.9       3.0 cores[0].core_instance/threads[0].alu_instance/alu_out_reg_reg[0]/D 243493.0469
    0:00:41   11795.8      0.29       7.7       4.0 dispatch_instance/blocks_dispatched_reg[0]/D 243917.8125
    0:00:42   11804.8      0.28       7.7       5.0 cores[0].core_instance/threads[0].alu_instance/alu_out_reg_reg[0]/D 244141.0781
    0:00:42   11809.3      0.28       7.6       5.0 cores[0].core_instance/threads[0].alu_instance/alu_out_reg_reg[0]/D 244222.2344
    0:00:42   11815.2      0.27       7.6       7.0 cores[0].core_instance/threads[0].alu_instance/alu_out_reg_reg[0]/D 244388.8750
    0:00:43   11821.8      0.27       7.3       0.0 cores[0].core_instance/threads[0].alu_instance/alu_out_reg_reg[0]/D 244667.1250
    0:00:43   11824.0      0.27       7.3       0.0                           244714.8750
    0:00:44   11828.0      0.27       7.0       0.0                           245044.0938
    0:00:44   11828.0      0.27       7.0       0.0                           245044.0938
    0:00:44   11829.6      0.27       6.8       0.0                           245101.1250
    0:00:44   11829.6      0.27       6.8       0.0                           245101.1250
    0:00:44   11829.6      0.27       6.8       0.0                           245101.1250
    0:00:44   11823.4      0.27       6.8       0.0                           244697.8906
Loading db file '/home/rf5447/stdcells.db'


Note: Symbol # after min delay cost means estimated hold TNS across all active scenarios 


  Optimization Complete
  ---------------------
Warning: Design 'gpu' contains 1 high-fanout nets. A fanout number of 1000 will be used for delay calculations involving these nets. (TIM-134)
     Net 'cores[0].core_instance/threads[1].alu_instance/clk': 1091 load(s), 1 driver(s), 8 inout(s)
Information: Building the design 'controller' instantiated from design 'gpu' with
	the parameters "ADDR_BITS=8,DATA_BITS=8,NUM_CONSUMERS=8,NUM_CHANNELS=4". (HDL-193)
Warning: Cannot find the design 'controller' in the library 'WORK'. (LBR-1)
Information: Building the design 'controller' instantiated from design 'gpu' with
	the parameters "ADDR_BITS=8,DATA_BITS=16,NUM_CONSUMERS=2,NUM_CHANNELS=1,WRITE_ENABLE=0". (HDL-193)
Warning: Cannot find the design 'controller' in the library 'WORK'. (LBR-1)
Information: Building the design 'registers' instantiated from design 'core_1' with
	the parameters "THREADS_PER_BLOCK=4,THREAD_ID=1,DATA_BITS=8". (HDL-193)
Warning: Cannot find the design 'registers' in the library 'WORK'. (LBR-1)
Information: Building the design 'registers' instantiated from design 'core_1' with
	the parameters "THREADS_PER_BLOCK=4,THREAD_ID=2,DATA_BITS=8". (HDL-193)
Warning: Cannot find the design 'registers' in the library 'WORK'. (LBR-1)
Information: Building the design 'registers' instantiated from design 'core_1' with
	the parameters "THREADS_PER_BLOCK=4,THREAD_ID=3,DATA_BITS=8". (HDL-193)
Warning: Cannot find the design 'registers' in the library 'WORK'. (LBR-1)
Warning: Unable to resolve reference 'controller' in 'gpu'. (LINK-5)
Warning: Unable to resolve reference 'registers' in 'core_1'. (LINK-5)
Warning: Unable to resolve reference 'registers' in 'core_0'. (LINK-5)
Information: State dependent leakage is now switched from off to on.
Information: Propagating switching activity (low effort zero delay simulation). (PWR-6)
Warning: Design has unannotated black box outputs. (PWR-428)
1
# ---------- Reports ----------
report_area   > $REPORT_DIR/area.rpt
report_power  > $REPORT_DIR/power.rpt
report_timing > $REPORT_DIR/timing.rpt
# ---------- Save ----------
write -format ddc -hierarchy -output $REPORT_DIR/${DESIGN_NAME}.ddc
Warning: Design 'gpu' has '3' unresolved references. For more detailed information, use the "link" command. (UID-341)
Writing ddc file './reports_tiny/gpu.ddc'.
1
quit

Memory usage for this session 165 Mbytes.
Memory usage for this session including child processes 165 Mbytes.
CPU usage for this session 47 seconds ( 0.01 hours ).
Elapsed time for this session 49 seconds ( 0.01 hours ).

Thank you...
