 
****************************************
Report : power
        -analysis_effort low
Design : gpu
Version: R-2020.09-SP5-1
Date   : Fri Dec 19 01:05:57 2025
****************************************


Library(s) Used:

    NangateOpenCellLibrary (File: /home/rf5447/stdcells.db)


Operating Conditions: typical   Library: NangateOpenCellLibrary
Wire Load Model Mode: top

Design        Wire Load Model            Library
------------------------------------------------
gpu                    5K_hvratio_1_1    NangateOpenCellLibrary


Global Operating Voltage = 1.1  
Power-specific unit information :
    Voltage Units = 1V
    Capacitance Units = 1.000000ff
    Time Units = 1ns
    Dynamic Power Units = 1uW    (derived from V,C,T units)
    Leakage Power Units = 1nW


  Cell Internal Power  =  14.7312 mW   (98%)
  Net Switching Power  = 363.3594 uW    (2%)
                         ---------
Total Dynamic Power    =  15.0945 mW  (100%)

Cell Leakage Power     = 548.9673 uW


                 Internal         Switching           Leakage            Total
Power Group      Power            Power               Power              Power   (   %    )  Attrs
--------------------------------------------------------------------------------------------------
io_pad             0.0000            0.0000            0.0000            0.0000  (   0.00%)
memory             0.0000            0.0000            0.0000            0.0000  (   0.00%)
black_box          0.0000            0.0000            0.0000            0.0000  (   0.00%)
clock_network      0.0000            0.0000            0.0000            0.0000  (   0.00%)
register       1.4589e+04           13.9071        1.6124e+05        1.4764e+04  (  94.38%)
sequential         0.0000            0.0000            0.0000            0.0000  (   0.00%)
combinational    142.5335          349.4532        3.8772e+05          879.7079  (   5.62%)
--------------------------------------------------------------------------------------------------
Total          1.4731e+04 uW       363.3603 uW     5.4897e+05 nW     1.5644e+04 uW
1
