 
****************************************
Report : timing
        -path full
        -delay max
        -max_paths 1
Design : gpu
Version: R-2020.09-SP5-1
Date   : Fri Dec 19 01:05:57 2025
****************************************

 # A fanout number of 1000 was used for high fanout net computations.

Operating Conditions: typical   Library: NangateOpenCellLibrary
Wire Load Model Mode: top

  Startpoint: cores[1].core_instance/threads[1].register_instance/rt_reg[1]
              (rising edge-triggered flip-flop clocked by clk)
  Endpoint: cores[1].core_instance/threads[1].alu_instance/alu_out_reg_reg[1]
            (rising edge-triggered flip-flop clocked by clk)
  Path Group: clk
  Path Type: max

  Des/Clust/Port     Wire Load Model       Library
  ------------------------------------------------
  gpu                5K_hvratio_1_1        NangateOpenCellLibrary

  Point                                                   Incr       Path
  --------------------------------------------------------------------------
  clock clk (rise edge)                                   0.00       0.00
  clock network delay (ideal)                             0.00       0.00
  cores[1].core_instance/threads[1].register_instance/rt_reg[1]/CK (DFF_X1)
                                                          0.00 #     0.00 r
  cores[1].core_instance/threads[1].register_instance/rt_reg[1]/Q (DFF_X1)
                                                          0.11       0.11 r
  U6436/ZN (AND2_X2)                                      0.06       0.17 r
  U12762/ZN (XNOR2_X1)                                    0.06       0.23 r
  U12763/ZN (NAND2_X1)                                    0.03       0.25 f
  U9394/ZN (AND2_X1)                                      0.04       0.29 f
  U12775/ZN (NAND4_X1)                                    0.04       0.33 r
  U12779/ZN (NAND2_X1)                                    0.03       0.36 f
  U12780/ZN (AOI21_X1)                                    0.05       0.41 r
  U12781/ZN (INV_X1)                                      0.03       0.44 f
  U6317/ZN (OAI21_X2)                                     0.07       0.51 r
  U12829/ZN (NAND4_X1)                                    0.05       0.56 f
  U6442/ZN (AND2_X2)                                      0.05       0.61 f
  U6441/ZN (NOR2_X2)                                      0.07       0.68 r
  U12889/ZN (NAND3_X1)                                    0.05       0.74 f
  U8710/ZN (NAND4_X1)                                     0.06       0.80 r
  U12935/ZN (NAND2_X1)                                    0.03       0.83 f
  U8499/ZN (OAI21_X1)                                     0.05       0.88 r
  U12937/ZN (NAND2_X1)                                    0.03       0.91 f
  U12938/ZN (AND2_X1)                                     0.04       0.95 f
  U12939/ZN (OR3_X1)                                      0.09       1.04 f
  U12940/ZN (NAND4_X1)                                    0.04       1.08 r
  U6533/ZN (AND3_X2)                                      0.06       1.14 r
  U13005/ZN (AND2_X1)                                     0.05       1.19 r
  U9550/ZN (NAND2_X1)                                     0.03       1.22 f
  U9198/ZN (OAI211_X1)                                    0.03       1.25 r
  cores[1].core_instance/threads[1].alu_instance/alu_out_reg_reg[1]/D (DFF_X1)
                                                          0.01       1.26 r
  data arrival time                                                  1.26

  clock clk (rise edge)                                   1.00       1.00
  clock network delay (ideal)                             0.00       1.00
  clock uncertainty                                      -0.10       0.90
  cores[1].core_instance/threads[1].alu_instance/alu_out_reg_reg[1]/CK (DFF_X1)
                                                          0.00       0.90 r
  library setup time                                     -0.03       0.87
  data required time                                                 0.87
  --------------------------------------------------------------------------
  data required time                                                 0.87
  data arrival time                                                 -1.26
  --------------------------------------------------------------------------
  slack (VIOLATED)                                                  -0.39


1
